Archive member included to satisfy reference by file (symbol)

d:/st/stm32cubeide_1.11.2/stm32cubeide/plugins/com.st.stm32cube.ide.mcu.externaltools.gnu-tools-for-stm32.10.3-2021.10.win32_1.0.100.202210260954/tools/bin/../lib/gcc/arm-none-eabi/10.3.1/../../../../arm-none-eabi/lib/thumb/v7e-m+fp/hard\libc_nano.a(lib_a-exit.o)
                              d:/st/stm32cubeide_1.11.2/stm32cubeide/plugins/com.st.stm32cube.ide.mcu.externaltools.gnu-tools-for-stm32.10.3-2021.10.win32_1.0.100.202210260954/tools/bin/../lib/gcc/arm-none-eabi/10.3.1/../../../../arm-none-eabi/lib/thumb/v7e-m+fp/hard/crt0.o (exit)
d:/st/stm32cubeide_1.11.2/stm32cubeide/plugins/com.st.stm32cube.ide.mcu.externaltools.gnu-tools-for-stm32.10.3-2021.10.win32_1.0.100.202210260954/tools/bin/../lib/gcc/arm-none-eabi/10.3.1/../../../../arm-none-eabi/lib/thumb/v7e-m+fp/hard\libc_nano.a(lib_a-impure.o)
                              d:/st/stm32cubeide_1.11.2/stm32cubeide/plugins/com.st.stm32cube.ide.mcu.externaltools.gnu-tools-for-stm32.10.3-2021.10.win32_1.0.100.202210260954/tools/bin/../lib/gcc/arm-none-eabi/10.3.1/../../../../arm-none-eabi/lib/thumb/v7e-m+fp/hard\libc_nano.a(lib_a-exit.o) (_global_impure_ptr)
d:/st/stm32cubeide_1.11.2/stm32cubeide/plugins/com.st.stm32cube.ide.mcu.externaltools.gnu-tools-for-stm32.10.3-2021.10.win32_1.0.100.202210260954/tools/bin/../lib/gcc/arm-none-eabi/10.3.1/../../../../arm-none-eabi/lib/thumb/v7e-m+fp/hard\libc_nano.a(lib_a-init.o)
                              d:/st/stm32cubeide_1.11.2/stm32cubeide/plugins/com.st.stm32cube.ide.mcu.externaltools.gnu-tools-for-stm32.10.3-2021.10.win32_1.0.100.202210260954/tools/bin/../lib/gcc/arm-none-eabi/10.3.1/../../../../arm-none-eabi/lib/thumb/v7e-m+fp/hard/crt0.o (__libc_init_array)
d:/st/stm32cubeide_1.11.2/stm32cubeide/plugins/com.st.stm32cube.ide.mcu.externaltools.gnu-tools-for-stm32.10.3-2021.10.win32_1.0.100.202210260954/tools/bin/../lib/gcc/arm-none-eabi/10.3.1/../../../../arm-none-eabi/lib/thumb/v7e-m+fp/hard\libc_nano.a(lib_a-memset.o)
                              d:/st/stm32cubeide_1.11.2/stm32cubeide/plugins/com.st.stm32cube.ide.mcu.externaltools.gnu-tools-for-stm32.10.3-2021.10.win32_1.0.100.202210260954/tools/bin/../lib/gcc/arm-none-eabi/10.3.1/../../../../arm-none-eabi/lib/thumb/v7e-m+fp/hard/crt0.o (memset)
d:/st/stm32cubeide_1.11.2/stm32cubeide/plugins/com.st.stm32cube.ide.mcu.externaltools.gnu-tools-for-stm32.10.3-2021.10.win32_1.0.100.202210260954/tools/bin/../lib/gcc/arm-none-eabi/10.3.1/../../../../arm-none-eabi/lib/thumb/v7e-m+fp/hard\libnosys.a(_exit.o)
                              d:/st/stm32cubeide_1.11.2/stm32cubeide/plugins/com.st.stm32cube.ide.mcu.externaltools.gnu-tools-for-stm32.10.3-2021.10.win32_1.0.100.202210260954/tools/bin/../lib/gcc/arm-none-eabi/10.3.1/../../../../arm-none-eabi/lib/thumb/v7e-m+fp/hard\libc_nano.a(lib_a-exit.o) (_exit)

Discarded input sections

 .text          0x0000000000000000        0x0 d:/st/stm32cubeide_1.11.2/stm32cubeide/plugins/com.st.stm32cube.ide.mcu.externaltools.gnu-tools-for-stm32.10.3-2021.10.win32_1.0.100.202210260954/tools/bin/../lib/gcc/arm-none-eabi/10.3.1/thumb/v7e-m+fp/hard/crti.o
 .data          0x0000000000000000        0x0 d:/st/stm32cubeide_1.11.2/stm32cubeide/plugins/com.st.stm32cube.ide.mcu.externaltools.gnu-tools-for-stm32.10.3-2021.10.win32_1.0.100.202210260954/tools/bin/../lib/gcc/arm-none-eabi/10.3.1/thumb/v7e-m+fp/hard/crti.o
 .bss           0x0000000000000000        0x0 d:/st/stm32cubeide_1.11.2/stm32cubeide/plugins/com.st.stm32cube.ide.mcu.externaltools.gnu-tools-for-stm32.10.3-2021.10.win32_1.0.100.202210260954/tools/bin/../lib/gcc/arm-none-eabi/10.3.1/thumb/v7e-m+fp/hard/crti.o
 .data          0x0000000000000000        0x4 d:/st/stm32cubeide_1.11.2/stm32cubeide/plugins/com.st.stm32cube.ide.mcu.externaltools.gnu-tools-for-stm32.10.3-2021.10.win32_1.0.100.202210260954/tools/bin/../lib/gcc/arm-none-eabi/10.3.1/thumb/v7e-m+fp/hard/crtbegin.o
 .rodata        0x0000000000000000       0x24 d:/st/stm32cubeide_1.11.2/stm32cubeide/plugins/com.st.stm32cube.ide.mcu.externaltools.gnu-tools-for-stm32.10.3-2021.10.win32_1.0.100.202210260954/tools/bin/../lib/gcc/arm-none-eabi/10.3.1/thumb/v7e-m+fp/hard/crtbegin.o
 .text          0x0000000000000000       0x7c d:/st/stm32cubeide_1.11.2/stm32cubeide/plugins/com.st.stm32cube.ide.mcu.externaltools.gnu-tools-for-stm32.10.3-2021.10.win32_1.0.100.202210260954/tools/bin/../lib/gcc/arm-none-eabi/10.3.1/../../../../arm-none-eabi/lib/thumb/v7e-m+fp/hard/crt0.o
 .data          0x0000000000000000        0x0 d:/st/stm32cubeide_1.11.2/stm32cubeide/plugins/com.st.stm32cube.ide.mcu.externaltools.gnu-tools-for-stm32.10.3-2021.10.win32_1.0.100.202210260954/tools/bin/../lib/gcc/arm-none-eabi/10.3.1/../../../../arm-none-eabi/lib/thumb/v7e-m+fp/hard/crt0.o
 .bss           0x0000000000000000        0x0 d:/st/stm32cubeide_1.11.2/stm32cubeide/plugins/com.st.stm32cube.ide.mcu.externaltools.gnu-tools-for-stm32.10.3-2021.10.win32_1.0.100.202210260954/tools/bin/../lib/gcc/arm-none-eabi/10.3.1/../../../../arm-none-eabi/lib/thumb/v7e-m+fp/hard/crt0.o
 .ARM.extab     0x0000000000000000        0x0 d:/st/stm32cubeide_1.11.2/stm32cubeide/plugins/com.st.stm32cube.ide.mcu.externaltools.gnu-tools-for-stm32.10.3-2021.10.win32_1.0.100.202210260954/tools/bin/../lib/gcc/arm-none-eabi/10.3.1/../../../../arm-none-eabi/lib/thumb/v7e-m+fp/hard/crt0.o
 .ARM.exidx     0x0000000000000000       0x10 d:/st/stm32cubeide_1.11.2/stm32cubeide/plugins/com.st.stm32cube.ide.mcu.externaltools.gnu-tools-for-stm32.10.3-2021.10.win32_1.0.100.202210260954/tools/bin/../lib/gcc/arm-none-eabi/10.3.1/../../../../arm-none-eabi/lib/thumb/v7e-m+fp/hard/crt0.o
 .ARM.attributes
                0x0000000000000000       0x1c d:/st/stm32cubeide_1.11.2/stm32cubeide/plugins/com.st.stm32cube.ide.mcu.externaltools.gnu-tools-for-stm32.10.3-2021.10.win32_1.0.100.202210260954/tools/bin/../lib/gcc/arm-none-eabi/10.3.1/../../../../arm-none-eabi/lib/thumb/v7e-m+fp/hard/crt0.o
 .group         0x0000000000000000        0xc ./Src/gpio.o
 .group         0x0000000000000000        0xc ./Src/gpio.o
 .group         0x0000000000000000        0xc ./Src/gpio.o
 .group         0x0000000000000000        0xc ./Src/gpio.o
 .group         0x0000000000000000        0xc ./Src/gpio.o
 .group         0x0000000000000000        0xc ./Src/gpio.o
 .group         0x0000000000000000        0xc ./Src/gpio.o
 .group         0x0000000000000000        0xc ./Src/gpio.o
 .group         0x0000000000000000        0xc ./Src/gpio.o
 .group         0x0000000000000000        0xc ./Src/gpio.o
 .group         0x0000000000000000        0xc ./Src/gpio.o
 .group         0x0000000000000000        0xc ./Src/gpio.o
 .group         0x0000000000000000        0xc ./Src/gpio.o
 .group         0x0000000000000000        0xc ./Src/gpio.o
 .group         0x0000000000000000        0xc ./Src/gpio.o
 .group         0x0000000000000000        0xc ./Src/gpio.o
 .group         0x0000000000000000        0xc ./Src/gpio.o
 .text          0x0000000000000000        0x0 ./Src/gpio.o
 .data          0x0000000000000000        0x0 ./Src/gpio.o
 .bss           0x0000000000000000        0x0 ./Src/gpio.o
 .group         0x0000000000000000        0xc ./Src/main.o
 .group         0x0000000000000000        0xc ./Src/main.o
 .group         0x0000000000000000        0xc ./Src/main.o
 .group         0x0000000000000000        0xc ./Src/main.o
 .group         0x0000000000000000        0xc ./Src/main.o
 .group         0x0000000000000000        0xc ./Src/main.o
 .group         0x0000000000000000        0xc ./Src/main.o
 .group         0x0000000000000000        0xc ./Src/main.o
 .group         0x0000000000000000        0xc ./Src/main.o
 .group         0x0000000000000000        0xc ./Src/main.o
 .group         0x0000000000000000        0xc ./Src/main.o
 .group         0x0000000000000000        0xc ./Src/main.o
 .group         0x0000000000000000        0xc ./Src/main.o
 .group         0x0000000000000000        0xc ./Src/main.o
 .group         0x0000000000000000        0xc ./Src/main.o
 .group         0x0000000000000000        0xc ./Src/main.o
 .group         0x0000000000000000        0xc ./Src/main.o
 .text          0x0000000000000000        0x0 ./Src/main.o
 .data          0x0000000000000000        0x0 ./Src/main.o
 .bss           0x0000000000000000        0x0 ./Src/main.o
 .debug_macro   0x0000000000000000      0xa8a ./Src/main.o
 .debug_macro   0x0000000000000000       0x22 ./Src/main.o
 .debug_macro   0x0000000000000000       0x8e ./Src/main.o
 .debug_macro   0x0000000000000000       0x51 ./Src/main.o
 .debug_macro   0x0000000000000000      0x103 ./Src/main.o
 .debug_macro   0x0000000000000000       0x6a ./Src/main.o
 .debug_macro   0x0000000000000000      0x1df ./Src/main.o
 .debug_macro   0x0000000000000000       0x28 ./Src/main.o
 .debug_macro   0x0000000000000000       0x3b ./Src/main.o
 .debug_macro   0x0000000000000000       0x1c ./Src/main.o
 .debug_macro   0x0000000000000000       0x22 ./Src/main.o
 .debug_macro   0x0000000000000000       0xd9 ./Src/main.o
 .debug_macro   0x0000000000000000     0x12cd ./Src/main.o
 .debug_macro   0x0000000000000000      0x11f ./Src/main.o
 .debug_macro   0x0000000000000000       0x19 ./Src/main.o
 .debug_macro   0x0000000000000000    0x1920a ./Src/main.o
 .debug_macro   0x0000000000000000       0x6d ./Src/main.o
 .group         0x0000000000000000        0xc ./Src/rcc.o
 .group         0x0000000000000000        0xc ./Src/rcc.o
 .group         0x0000000000000000        0xc ./Src/rcc.o
 .group         0x0000000000000000        0xc ./Src/rcc.o
 .group         0x0000000000000000        0xc ./Src/rcc.o
 .group         0x0000000000000000        0xc ./Src/rcc.o
 .group         0x0000000000000000        0xc ./Src/rcc.o
 .group         0x0000000000000000        0xc ./Src/rcc.o
 .group         0x0000000000000000        0xc ./Src/rcc.o
 .group         0x0000000000000000        0xc ./Src/rcc.o
 .group         0x0000000000000000        0xc ./Src/rcc.o
 .group         0x0000000000000000        0xc ./Src/rcc.o
 .group         0x0000000000000000        0xc ./Src/rcc.o
 .group         0x0000000000000000        0xc ./Src/rcc.o
 .group         0x0000000000000000        0xc ./Src/rcc.o
 .group         0x0000000000000000        0xc ./Src/rcc.o
 .group         0x0000000000000000        0xc ./Src/rcc.o
 .text          0x0000000000000000        0x0 ./Src/rcc.o
 .data          0x0000000000000000        0x0 ./Src/rcc.o
 .bss           0x0000000000000000        0x0 ./Src/rcc.o
 .debug_macro   0x0000000000000000      0xa8a ./Src/rcc.o
 .debug_macro   0x0000000000000000       0x28 ./Src/rcc.o
 .debug_macro   0x0000000000000000       0x3b ./Src/rcc.o
 .debug_macro   0x0000000000000000       0x22 ./Src/rcc.o
 .debug_macro   0x0000000000000000       0x8e ./Src/rcc.o
 .debug_macro   0x0000000000000000       0x51 ./Src/rcc.o
 .debug_macro   0x0000000000000000      0x103 ./Src/rcc.o
 .debug_macro   0x0000000000000000       0x6a ./Src/rcc.o
 .debug_macro   0x0000000000000000      0x1df ./Src/rcc.o
 .debug_macro   0x0000000000000000       0x1c ./Src/rcc.o
 .debug_macro   0x0000000000000000       0x22 ./Src/rcc.o
 .debug_macro   0x0000000000000000       0xd9 ./Src/rcc.o
 .debug_macro   0x0000000000000000     0x12cd ./Src/rcc.o
 .debug_macro   0x0000000000000000      0x11f ./Src/rcc.o
 .debug_macro   0x0000000000000000       0x19 ./Src/rcc.o
 .debug_macro   0x0000000000000000    0x1920a ./Src/rcc.o
 .debug_macro   0x0000000000000000       0x6d ./Src/rcc.o
 .group         0x0000000000000000        0xc ./Src/system_stm32f7xx.o
 .group         0x0000000000000000        0xc ./Src/system_stm32f7xx.o
 .group         0x0000000000000000        0xc ./Src/system_stm32f7xx.o
 .group         0x0000000000000000        0xc ./Src/system_stm32f7xx.o
 .group         0x0000000000000000        0xc ./Src/system_stm32f7xx.o
 .group         0x0000000000000000        0xc ./Src/system_stm32f7xx.o
 .group         0x0000000000000000        0xc ./Src/system_stm32f7xx.o
 .group         0x0000000000000000        0xc ./Src/system_stm32f7xx.o
 .group         0x0000000000000000        0xc ./Src/system_stm32f7xx.o
 .group         0x0000000000000000        0xc ./Src/system_stm32f7xx.o
 .group         0x0000000000000000        0xc ./Src/system_stm32f7xx.o
 .group         0x0000000000000000        0xc ./Src/system_stm32f7xx.o
 .group         0x0000000000000000        0xc ./Src/system_stm32f7xx.o
 .group         0x0000000000000000        0xc ./Src/system_stm32f7xx.o
 .group         0x0000000000000000        0xc ./Src/system_stm32f7xx.o
 .group         0x0000000000000000        0xc ./Src/system_stm32f7xx.o
 .group         0x0000000000000000        0xc ./Src/system_stm32f7xx.o
 .text          0x0000000000000000        0x0 ./Src/system_stm32f7xx.o
 .data          0x0000000000000000        0x0 ./Src/system_stm32f7xx.o
 .bss           0x0000000000000000        0x0 ./Src/system_stm32f7xx.o
 .rodata.APBPrescTable
                0x0000000000000000        0x8 ./Src/system_stm32f7xx.o
 .debug_macro   0x0000000000000000      0xa8a ./Src/system_stm32f7xx.o
 .debug_macro   0x0000000000000000       0x28 ./Src/system_stm32f7xx.o
 .debug_macro   0x0000000000000000       0x3b ./Src/system_stm32f7xx.o
 .debug_macro   0x0000000000000000       0x22 ./Src/system_stm32f7xx.o
 .debug_macro   0x0000000000000000       0x8e ./Src/system_stm32f7xx.o
 .debug_macro   0x0000000000000000       0x51 ./Src/system_stm32f7xx.o
 .debug_macro   0x0000000000000000      0x103 ./Src/system_stm32f7xx.o
 .debug_macro   0x0000000000000000       0x6a ./Src/system_stm32f7xx.o
 .debug_macro   0x0000000000000000      0x1df ./Src/system_stm32f7xx.o
 .debug_macro   0x0000000000000000       0x1c ./Src/system_stm32f7xx.o
 .debug_macro   0x0000000000000000       0x22 ./Src/system_stm32f7xx.o
 .debug_macro   0x0000000000000000       0xd9 ./Src/system_stm32f7xx.o
 .debug_macro   0x0000000000000000     0x12cd ./Src/system_stm32f7xx.o
 .debug_macro   0x0000000000000000      0x11f ./Src/system_stm32f7xx.o
 .debug_macro   0x0000000000000000       0x19 ./Src/system_stm32f7xx.o
 .debug_macro   0x0000000000000000    0x1920a ./Src/system_stm32f7xx.o
 .debug_macro   0x0000000000000000       0x6d ./Src/system_stm32f7xx.o
 .group         0x0000000000000000        0xc ./Src/timer.o
 .group         0x0000000000000000        0xc ./Src/timer.o
 .group         0x0000000000000000        0xc ./Src/timer.o
 .group         0x0000000000000000        0xc ./Src/timer.o
 .group         0x0000000000000000        0xc ./Src/timer.o
 .group         0x0000000000000000        0xc ./Src/timer.o
 .group         0x0000000000000000        0xc ./Src/timer.o
 .group         0x0000000000000000        0xc ./Src/timer.o
 .group         0x0000000000000000        0xc ./Src/timer.o
 .group         0x0000000000000000        0xc ./Src/timer.o
 .group         0x0000000000000000        0xc ./Src/timer.o
 .group         0x0000000000000000        0xc ./Src/timer.o
 .group         0x0000000000000000        0xc ./Src/timer.o
 .group         0x0000000000000000        0xc ./Src/timer.o
 .group         0x0000000000000000        0xc ./Src/timer.o
 .group         0x0000000000000000        0xc ./Src/timer.o
 .group         0x0000000000000000        0xc ./Src/timer.o
 .text          0x0000000000000000        0x0 ./Src/timer.o
 .data          0x0000000000000000        0x0 ./Src/timer.o
 .bss           0x0000000000000000        0x0 ./Src/timer.o
 .debug_macro   0x0000000000000000      0xa8a ./Src/timer.o
 .debug_macro   0x0000000000000000       0x28 ./Src/timer.o
 .debug_macro   0x0000000000000000       0x3b ./Src/timer.o
 .debug_macro   0x0000000000000000       0x22 ./Src/timer.o
 .debug_macro   0x0000000000000000       0x8e ./Src/timer.o
 .debug_macro   0x0000000000000000       0x51 ./Src/timer.o
 .debug_macro   0x0000000000000000      0x103 ./Src/timer.o
 .debug_macro   0x0000000000000000       0x6a ./Src/timer.o
 .debug_macro   0x0000000000000000      0x1df ./Src/timer.o
 .debug_macro   0x0000000000000000       0x1c ./Src/timer.o
 .debug_macro   0x0000000000000000       0x22 ./Src/timer.o
 .debug_macro   0x0000000000000000       0xd9 ./Src/timer.o
 .debug_macro   0x0000000000000000     0x12cd ./Src/timer.o
 .debug_macro   0x0000000000000000      0x11f ./Src/timer.o
 .debug_macro   0x0000000000000000       0x19 ./Src/timer.o
 .debug_macro   0x0000000000000000    0x1920a ./Src/timer.o
 .debug_macro   0x0000000000000000       0x6d ./Src/timer.o
 .text          0x0000000000000000       0x14 ./Startup/startup_stm32f746zgtx.o
 .data          0x0000000000000000        0x0 ./Startup/startup_stm32f746zgtx.o
 .bss           0x0000000000000000        0x0 ./Startup/startup_stm32f746zgtx.o
 .text          0x0000000000000000        0x0 d:/st/stm32cubeide_1.11.2/stm32cubeide/plugins/com.st.stm32cube.ide.mcu.externaltools.gnu-tools-for-stm32.10.3-2021.10.win32_1.0.100.202210260954/tools/bin/../lib/gcc/arm-none-eabi/10.3.1/../../../../arm-none-eabi/lib/thumb/v7e-m+fp/hard\libc_nano.a(lib_a-exit.o)
 .data          0x0000000000000000        0x0 d:/st/stm32cubeide_1.11.2/stm32cubeide/plugins/com.st.stm32cube.ide.mcu.externaltools.gnu-tools-for-stm32.10.3-2021.10.win32_1.0.100.202210260954/tools/bin/../lib/gcc/arm-none-eabi/10.3.1/../../../../arm-none-eabi/lib/thumb/v7e-m+fp/hard\libc_nano.a(lib_a-exit.o)
 .bss           0x0000000000000000        0x0 d:/st/stm32cubeide_1.11.2/stm32cubeide/plugins/com.st.stm32cube.ide.mcu.externaltools.gnu-tools-for-stm32.10.3-2021.10.win32_1.0.100.202210260954/tools/bin/../lib/gcc/arm-none-eabi/10.3.1/../../../../arm-none-eabi/lib/thumb/v7e-m+fp/hard\libc_nano.a(lib_a-exit.o)
 .text.exit     0x0000000000000000       0x28 d:/st/stm32cubeide_1.11.2/stm32cubeide/plugins/com.st.stm32cube.ide.mcu.externaltools.gnu-tools-for-stm32.10.3-2021.10.win32_1.0.100.202210260954/tools/bin/../lib/gcc/arm-none-eabi/10.3.1/../../../../arm-none-eabi/lib/thumb/v7e-m+fp/hard\libc_nano.a(lib_a-exit.o)
 .debug_frame   0x0000000000000000       0x28 d:/st/stm32cubeide_1.11.2/stm32cubeide/plugins/com.st.stm32cube.ide.mcu.externaltools.gnu-tools-for-stm32.10.3-2021.10.win32_1.0.100.202210260954/tools/bin/../lib/gcc/arm-none-eabi/10.3.1/../../../../arm-none-eabi/lib/thumb/v7e-m+fp/hard\libc_nano.a(lib_a-exit.o)
 .ARM.attributes
                0x0000000000000000       0x34 d:/st/stm32cubeide_1.11.2/stm32cubeide/plugins/com.st.stm32cube.ide.mcu.externaltools.gnu-tools-for-stm32.10.3-2021.10.win32_1.0.100.202210260954/tools/bin/../lib/gcc/arm-none-eabi/10.3.1/../../../../arm-none-eabi/lib/thumb/v7e-m+fp/hard\libc_nano.a(lib_a-exit.o)
 .text          0x0000000000000000        0x0 d:/st/stm32cubeide_1.11.2/stm32cubeide/plugins/com.st.stm32cube.ide.mcu.externaltools.gnu-tools-for-stm32.10.3-2021.10.win32_1.0.100.202210260954/tools/bin/../lib/gcc/arm-none-eabi/10.3.1/../../../../arm-none-eabi/lib/thumb/v7e-m+fp/hard\libc_nano.a(lib_a-impure.o)
 .data          0x0000000000000000        0x0 d:/st/stm32cubeide_1.11.2/stm32cubeide/plugins/com.st.stm32cube.ide.mcu.externaltools.gnu-tools-for-stm32.10.3-2021.10.win32_1.0.100.202210260954/tools/bin/../lib/gcc/arm-none-eabi/10.3.1/../../../../arm-none-eabi/lib/thumb/v7e-m+fp/hard\libc_nano.a(lib_a-impure.o)
 .bss           0x0000000000000000        0x0 d:/st/stm32cubeide_1.11.2/stm32cubeide/plugins/com.st.stm32cube.ide.mcu.externaltools.gnu-tools-for-stm32.10.3-2021.10.win32_1.0.100.202210260954/tools/bin/../lib/gcc/arm-none-eabi/10.3.1/../../../../arm-none-eabi/lib/thumb/v7e-m+fp/hard\libc_nano.a(lib_a-impure.o)
 .data._impure_ptr
                0x0000000000000000        0x4 d:/st/stm32cubeide_1.11.2/stm32cubeide/plugins/com.st.stm32cube.ide.mcu.externaltools.gnu-tools-for-stm32.10.3-2021.10.win32_1.0.100.202210260954/tools/bin/../lib/gcc/arm-none-eabi/10.3.1/../../../../arm-none-eabi/lib/thumb/v7e-m+fp/hard\libc_nano.a(lib_a-impure.o)
 .data.impure_data
                0x0000000000000000       0x60 d:/st/stm32cubeide_1.11.2/stm32cubeide/plugins/com.st.stm32cube.ide.mcu.externaltools.gnu-tools-for-stm32.10.3-2021.10.win32_1.0.100.202210260954/tools/bin/../lib/gcc/arm-none-eabi/10.3.1/../../../../arm-none-eabi/lib/thumb/v7e-m+fp/hard\libc_nano.a(lib_a-impure.o)
 .rodata._global_impure_ptr
                0x0000000000000000        0x4 d:/st/stm32cubeide_1.11.2/stm32cubeide/plugins/com.st.stm32cube.ide.mcu.externaltools.gnu-tools-for-stm32.10.3-2021.10.win32_1.0.100.202210260954/tools/bin/../lib/gcc/arm-none-eabi/10.3.1/../../../../arm-none-eabi/lib/thumb/v7e-m+fp/hard\libc_nano.a(lib_a-impure.o)
 .ARM.attributes
                0x0000000000000000       0x34 d:/st/stm32cubeide_1.11.2/stm32cubeide/plugins/com.st.stm32cube.ide.mcu.externaltools.gnu-tools-for-stm32.10.3-2021.10.win32_1.0.100.202210260954/tools/bin/../lib/gcc/arm-none-eabi/10.3.1/../../../../arm-none-eabi/lib/thumb/v7e-m+fp/hard\libc_nano.a(lib_a-impure.o)
 .text          0x0000000000000000        0x0 d:/st/stm32cubeide_1.11.2/stm32cubeide/plugins/com.st.stm32cube.ide.mcu.externaltools.gnu-tools-for-stm32.10.3-2021.10.win32_1.0.100.202210260954/tools/bin/../lib/gcc/arm-none-eabi/10.3.1/../../../../arm-none-eabi/lib/thumb/v7e-m+fp/hard\libc_nano.a(lib_a-init.o)
 .data          0x0000000000000000        0x0 d:/st/stm32cubeide_1.11.2/stm32cubeide/plugins/com.st.stm32cube.ide.mcu.externaltools.gnu-tools-for-stm32.10.3-2021.10.win32_1.0.100.202210260954/tools/bin/../lib/gcc/arm-none-eabi/10.3.1/../../../../arm-none-eabi/lib/thumb/v7e-m+fp/hard\libc_nano.a(lib_a-init.o)
 .bss           0x0000000000000000        0x0 d:/st/stm32cubeide_1.11.2/stm32cubeide/plugins/com.st.stm32cube.ide.mcu.externaltools.gnu-tools-for-stm32.10.3-2021.10.win32_1.0.100.202210260954/tools/bin/../lib/gcc/arm-none-eabi/10.3.1/../../../../arm-none-eabi/lib/thumb/v7e-m+fp/hard\libc_nano.a(lib_a-init.o)
 .text          0x0000000000000000        0x0 d:/st/stm32cubeide_1.11.2/stm32cubeide/plugins/com.st.stm32cube.ide.mcu.externaltools.gnu-tools-for-stm32.10.3-2021.10.win32_1.0.100.202210260954/tools/bin/../lib/gcc/arm-none-eabi/10.3.1/../../../../arm-none-eabi/lib/thumb/v7e-m+fp/hard\libc_nano.a(lib_a-memset.o)
 .data          0x0000000000000000        0x0 d:/st/stm32cubeide_1.11.2/stm32cubeide/plugins/com.st.stm32cube.ide.mcu.externaltools.gnu-tools-for-stm32.10.3-2021.10.win32_1.0.100.202210260954/tools/bin/../lib/gcc/arm-none-eabi/10.3.1/../../../../arm-none-eabi/lib/thumb/v7e-m+fp/hard\libc_nano.a(lib_a-memset.o)
 .bss           0x0000000000000000        0x0 d:/st/stm32cubeide_1.11.2/stm32cubeide/plugins/com.st.stm32cube.ide.mcu.externaltools.gnu-tools-for-stm32.10.3-2021.10.win32_1.0.100.202210260954/tools/bin/../lib/gcc/arm-none-eabi/10.3.1/../../../../arm-none-eabi/lib/thumb/v7e-m+fp/hard\libc_nano.a(lib_a-memset.o)
 .text.memset   0x0000000000000000       0x10 d:/st/stm32cubeide_1.11.2/stm32cubeide/plugins/com.st.stm32cube.ide.mcu.externaltools.gnu-tools-for-stm32.10.3-2021.10.win32_1.0.100.202210260954/tools/bin/../lib/gcc/arm-none-eabi/10.3.1/../../../../arm-none-eabi/lib/thumb/v7e-m+fp/hard\libc_nano.a(lib_a-memset.o)
 .debug_frame   0x0000000000000000       0x20 d:/st/stm32cubeide_1.11.2/stm32cubeide/plugins/com.st.stm32cube.ide.mcu.externaltools.gnu-tools-for-stm32.10.3-2021.10.win32_1.0.100.202210260954/tools/bin/../lib/gcc/arm-none-eabi/10.3.1/../../../../arm-none-eabi/lib/thumb/v7e-m+fp/hard\libc_nano.a(lib_a-memset.o)
 .ARM.attributes
                0x0000000000000000       0x34 d:/st/stm32cubeide_1.11.2/stm32cubeide/plugins/com.st.stm32cube.ide.mcu.externaltools.gnu-tools-for-stm32.10.3-2021.10.win32_1.0.100.202210260954/tools/bin/../lib/gcc/arm-none-eabi/10.3.1/../../../../arm-none-eabi/lib/thumb/v7e-m+fp/hard\libc_nano.a(lib_a-memset.o)
 .text          0x0000000000000000        0x0 d:/st/stm32cubeide_1.11.2/stm32cubeide/plugins/com.st.stm32cube.ide.mcu.externaltools.gnu-tools-for-stm32.10.3-2021.10.win32_1.0.100.202210260954/tools/bin/../lib/gcc/arm-none-eabi/10.3.1/../../../../arm-none-eabi/lib/thumb/v7e-m+fp/hard\libnosys.a(_exit.o)
 .data          0x0000000000000000        0x0 d:/st/stm32cubeide_1.11.2/stm32cubeide/plugins/com.st.stm32cube.ide.mcu.externaltools.gnu-tools-for-stm32.10.3-2021.10.win32_1.0.100.202210260954/tools/bin/../lib/gcc/arm-none-eabi/10.3.1/../../../../arm-none-eabi/lib/thumb/v7e-m+fp/hard\libnosys.a(_exit.o)
 .bss           0x0000000000000000        0x0 d:/st/stm32cubeide_1.11.2/stm32cubeide/plugins/com.st.stm32cube.ide.mcu.externaltools.gnu-tools-for-stm32.10.3-2021.10.win32_1.0.100.202210260954/tools/bin/../lib/gcc/arm-none-eabi/10.3.1/../../../../arm-none-eabi/lib/thumb/v7e-m+fp/hard\libnosys.a(_exit.o)
 .text._exit    0x0000000000000000        0x2 d:/st/stm32cubeide_1.11.2/stm32cubeide/plugins/com.st.stm32cube.ide.mcu.externaltools.gnu-tools-for-stm32.10.3-2021.10.win32_1.0.100.202210260954/tools/bin/../lib/gcc/arm-none-eabi/10.3.1/../../../../arm-none-eabi/lib/thumb/v7e-m+fp/hard\libnosys.a(_exit.o)
 .debug_frame   0x0000000000000000       0x20 d:/st/stm32cubeide_1.11.2/stm32cubeide/plugins/com.st.stm32cube.ide.mcu.externaltools.gnu-tools-for-stm32.10.3-2021.10.win32_1.0.100.202210260954/tools/bin/../lib/gcc/arm-none-eabi/10.3.1/../../../../arm-none-eabi/lib/thumb/v7e-m+fp/hard\libnosys.a(_exit.o)
 .ARM.attributes
                0x0000000000000000       0x34 d:/st/stm32cubeide_1.11.2/stm32cubeide/plugins/com.st.stm32cube.ide.mcu.externaltools.gnu-tools-for-stm32.10.3-2021.10.win32_1.0.100.202210260954/tools/bin/../lib/gcc/arm-none-eabi/10.3.1/../../../../arm-none-eabi/lib/thumb/v7e-m+fp/hard\libnosys.a(_exit.o)
 .text          0x0000000000000000        0x0 d:/st/stm32cubeide_1.11.2/stm32cubeide/plugins/com.st.stm32cube.ide.mcu.externaltools.gnu-tools-for-stm32.10.3-2021.10.win32_1.0.100.202210260954/tools/bin/../lib/gcc/arm-none-eabi/10.3.1/thumb/v7e-m+fp/hard/crtend.o
 .data          0x0000000000000000        0x0 d:/st/stm32cubeide_1.11.2/stm32cubeide/plugins/com.st.stm32cube.ide.mcu.externaltools.gnu-tools-for-stm32.10.3-2021.10.win32_1.0.100.202210260954/tools/bin/../lib/gcc/arm-none-eabi/10.3.1/thumb/v7e-m+fp/hard/crtend.o
 .bss           0x0000000000000000        0x0 d:/st/stm32cubeide_1.11.2/stm32cubeide/plugins/com.st.stm32cube.ide.mcu.externaltools.gnu-tools-for-stm32.10.3-2021.10.win32_1.0.100.202210260954/tools/bin/../lib/gcc/arm-none-eabi/10.3.1/thumb/v7e-m+fp/hard/crtend.o
 .rodata        0x0000000000000000       0x24 d:/st/stm32cubeide_1.11.2/stm32cubeide/plugins/com.st.stm32cube.ide.mcu.externaltools.gnu-tools-for-stm32.10.3-2021.10.win32_1.0.100.202210260954/tools/bin/../lib/gcc/arm-none-eabi/10.3.1/thumb/v7e-m+fp/hard/crtend.o
 .eh_frame      0x0000000000000000        0x4 d:/st/stm32cubeide_1.11.2/stm32cubeide/plugins/com.st.stm32cube.ide.mcu.externaltools.gnu-tools-for-stm32.10.3-2021.10.win32_1.0.100.202210260954/tools/bin/../lib/gcc/arm-none-eabi/10.3.1/thumb/v7e-m+fp/hard/crtend.o
 .ARM.attributes
                0x0000000000000000       0x34 d:/st/stm32cubeide_1.11.2/stm32cubeide/plugins/com.st.stm32cube.ide.mcu.externaltools.gnu-tools-for-stm32.10.3-2021.10.win32_1.0.100.202210260954/tools/bin/../lib/gcc/arm-none-eabi/10.3.1/thumb/v7e-m+fp/hard/crtend.o
 .text          0x0000000000000000        0x0 d:/st/stm32cubeide_1.11.2/stm32cubeide/plugins/com.st.stm32cube.ide.mcu.externaltools.gnu-tools-for-stm32.10.3-2021.10.win32_1.0.100.202210260954/tools/bin/../lib/gcc/arm-none-eabi/10.3.1/thumb/v7e-m+fp/hard/crtn.o
 .data          0x0000000000000000        0x0 d:/st/stm32cubeide_1.11.2/stm32cubeide/plugins/com.st.stm32cube.ide.mcu.externaltools.gnu-tools-for-stm32.10.3-2021.10.win32_1.0.100.202210260954/tools/bin/../lib/gcc/arm-none-eabi/10.3.1/thumb/v7e-m+fp/hard/crtn.o
 .bss           0x0000000000000000        0x0 d:/st/stm32cubeide_1.11.2/stm32cubeide/plugins/com.st.stm32cube.ide.mcu.externaltools.gnu-tools-for-stm32.10.3-2021.10.win32_1.0.100.202210260954/tools/bin/../lib/gcc/arm-none-eabi/10.3.1/thumb/v7e-m+fp/hard/crtn.o

Memory Configuration

Name             Origin             Length             Attributes
RAM              0x0000000020000000 0x0000000000050000 xrw
FLASH            0x0000000008000000 0x0000000000100000 xr
*default*        0x0000000000000000 0xffffffffffffffff

Linker script and memory map

LOAD d:/st/stm32cubeide_1.11.2/stm32cubeide/plugins/com.st.stm32cube.ide.mcu.externaltools.gnu-tools-for-stm32.10.3-2021.10.win32_1.0.100.202210260954/tools/bin/../lib/gcc/arm-none-eabi/10.3.1/thumb/v7e-m+fp/hard/crti.o
LOAD d:/st/stm32cubeide_1.11.2/stm32cubeide/plugins/com.st.stm32cube.ide.mcu.externaltools.gnu-tools-for-stm32.10.3-2021.10.win32_1.0.100.202210260954/tools/bin/../lib/gcc/arm-none-eabi/10.3.1/thumb/v7e-m+fp/hard/crtbegin.o
LOAD d:/st/stm32cubeide_1.11.2/stm32cubeide/plugins/com.st.stm32cube.ide.mcu.externaltools.gnu-tools-for-stm32.10.3-2021.10.win32_1.0.100.202210260954/tools/bin/../lib/gcc/arm-none-eabi/10.3.1/../../../../arm-none-eabi/lib/thumb/v7e-m+fp/hard/crt0.o
LOAD ./Src/gpio.o
LOAD ./Src/main.o
LOAD ./Src/rcc.o
LOAD ./Src/system_stm32f7xx.o
LOAD ./Src/timer.o
LOAD ./Startup/startup_stm32f746zgtx.o
START GROUP
LOAD d:/st/stm32cubeide_1.11.2/stm32cubeide/plugins/com.st.stm32cube.ide.mcu.externaltools.gnu-tools-for-stm32.10.3-2021.10.win32_1.0.100.202210260954/tools/bin/../lib/gcc/arm-none-eabi/10.3.1/../../../../arm-none-eabi/lib/thumb/v7e-m+fp/hard\libc_nano.a
LOAD d:/st/stm32cubeide_1.11.2/stm32cubeide/plugins/com.st.stm32cube.ide.mcu.externaltools.gnu-tools-for-stm32.10.3-2021.10.win32_1.0.100.202210260954/tools/bin/../lib/gcc/arm-none-eabi/10.3.1/../../../../arm-none-eabi/lib/thumb/v7e-m+fp/hard\libm.a
END GROUP
START GROUP
LOAD d:/st/stm32cubeide_1.11.2/stm32cubeide/plugins/com.st.stm32cube.ide.mcu.externaltools.gnu-tools-for-stm32.10.3-2021.10.win32_1.0.100.202210260954/tools/bin/../lib/gcc/arm-none-eabi/10.3.1/thumb/v7e-m+fp/hard\libgcc.a
LOAD d:/st/stm32cubeide_1.11.2/stm32cubeide/plugins/com.st.stm32cube.ide.mcu.externaltools.gnu-tools-for-stm32.10.3-2021.10.win32_1.0.100.202210260954/tools/bin/../lib/gcc/arm-none-eabi/10.3.1/../../../../arm-none-eabi/lib/thumb/v7e-m+fp/hard\libc_nano.a
END GROUP
START GROUP
LOAD d:/st/stm32cubeide_1.11.2/stm32cubeide/plugins/com.st.stm32cube.ide.mcu.externaltools.gnu-tools-for-stm32.10.3-2021.10.win32_1.0.100.202210260954/tools/bin/../lib/gcc/arm-none-eabi/10.3.1/thumb/v7e-m+fp/hard\libgcc.a
LOAD d:/st/stm32cubeide_1.11.2/stm32cubeide/plugins/com.st.stm32cube.ide.mcu.externaltools.gnu-tools-for-stm32.10.3-2021.10.win32_1.0.100.202210260954/tools/bin/../lib/gcc/arm-none-eabi/10.3.1/../../../../arm-none-eabi/lib/thumb/v7e-m+fp/hard\libc_nano.a
LOAD d:/st/stm32cubeide_1.11.2/stm32cubeide/plugins/com.st.stm32cube.ide.mcu.externaltools.gnu-tools-for-stm32.10.3-2021.10.win32_1.0.100.202210260954/tools/bin/../lib/gcc/arm-none-eabi/10.3.1/../../../../arm-none-eabi/lib/thumb/v7e-m+fp/hard\libnosys.a
END GROUP
START GROUP
LOAD d:/st/stm32cubeide_1.11.2/stm32cubeide/plugins/com.st.stm32cube.ide.mcu.externaltools.gnu-tools-for-stm32.10.3-2021.10.win32_1.0.100.202210260954/tools/bin/../lib/gcc/arm-none-eabi/10.3.1/thumb/v7e-m+fp/hard\libgcc.a
LOAD d:/st/stm32cubeide_1.11.2/stm32cubeide/plugins/com.st.stm32cube.ide.mcu.externaltools.gnu-tools-for-stm32.10.3-2021.10.win32_1.0.100.202210260954/tools/bin/../lib/gcc/arm-none-eabi/10.3.1/../../../../arm-none-eabi/lib/thumb/v7e-m+fp/hard\libc_nano.a
LOAD d:/st/stm32cubeide_1.11.2/stm32cubeide/plugins/com.st.stm32cube.ide.mcu.externaltools.gnu-tools-for-stm32.10.3-2021.10.win32_1.0.100.202210260954/tools/bin/../lib/gcc/arm-none-eabi/10.3.1/../../../../arm-none-eabi/lib/thumb/v7e-m+fp/hard\libnosys.a
END GROUP
LOAD d:/st/stm32cubeide_1.11.2/stm32cubeide/plugins/com.st.stm32cube.ide.mcu.externaltools.gnu-tools-for-stm32.10.3-2021.10.win32_1.0.100.202210260954/tools/bin/../lib/gcc/arm-none-eabi/10.3.1/thumb/v7e-m+fp/hard/crtend.o
LOAD d:/st/stm32cubeide_1.11.2/stm32cubeide/plugins/com.st.stm32cube.ide.mcu.externaltools.gnu-tools-for-stm32.10.3-2021.10.win32_1.0.100.202210260954/tools/bin/../lib/gcc/arm-none-eabi/10.3.1/thumb/v7e-m+fp/hard/crtn.o
                0x0000000020050000                _estack = (ORIGIN (RAM) + LENGTH (RAM))
                0x0000000000000200                _Min_Heap_Size = 0x200
                0x0000000000000400                _Min_Stack_Size = 0x400

.isr_vector     0x0000000008000000      0x1c8
                0x0000000008000000                . = ALIGN (0x4)
 *(.isr_vector)
 .isr_vector    0x0000000008000000      0x1c8 ./Startup/startup_stm32f746zgtx.o
                0x0000000008000000                g_pfnVectors
                0x00000000080001c8                . = ALIGN (0x4)

.text           0x00000000080001c8      0x4f4
                0x00000000080001c8                . = ALIGN (0x4)
 *(.text)
 .text          0x00000000080001c8       0x40 d:/st/stm32cubeide_1.11.2/stm32cubeide/plugins/com.st.stm32cube.ide.mcu.externaltools.gnu-tools-for-stm32.10.3-2021.10.win32_1.0.100.202210260954/tools/bin/../lib/gcc/arm-none-eabi/10.3.1/thumb/v7e-m+fp/hard/crtbegin.o
 *(.text*)
 .text.init_GPIO
                0x0000000008000208       0x40 ./Src/gpio.o
                0x0000000008000208                init_GPIO
 .text.init_GPIO_Output
                0x0000000008000248       0x28 ./Src/gpio.o
                0x0000000008000248                init_GPIO_Output
 .text.init_GPIO_AFunction
                0x0000000008000270       0x72 ./Src/gpio.o
                0x0000000008000270                init_GPIO_AFunction
 *fill*         0x00000000080002e2        0x2 
 .text.main     0x00000000080002e4       0x3c ./Src/main.o
                0x00000000080002e4                main
 .text.init_RCC
                0x0000000008000320      0x144 ./Src/rcc.o
                0x0000000008000320                init_RCC
 .text.SystemInit
                0x0000000008000464       0x24 ./Src/system_stm32f7xx.o
                0x0000000008000464                SystemInit
 .text.SystemCoreClockUpdate
                0x0000000008000488      0x100 ./Src/system_stm32f7xx.o
                0x0000000008000488                SystemCoreClockUpdate
 .text.init_TIM8
                0x0000000008000588       0x80 ./Src/timer.o
                0x0000000008000588                init_TIM8
 .text.Reset_Handler
                0x0000000008000608       0x50 ./Startup/startup_stm32f746zgtx.o
                0x0000000008000608                Reset_Handler
 .text.Default_Handler
                0x0000000008000658        0x2 ./Startup/startup_stm32f746zgtx.o
                0x0000000008000658                HASH_RNG_IRQHandler
                0x0000000008000658                EXTI2_IRQHandler
                0x0000000008000658                TIM8_CC_IRQHandler
                0x0000000008000658                DebugMon_Handler
                0x0000000008000658                UART8_IRQHandler
                0x0000000008000658                SPI4_IRQHandler
                0x0000000008000658                TIM1_CC_IRQHandler
                0x0000000008000658                QuadSPI_IRQHandler
                0x0000000008000658                DMA2_Stream5_IRQHandler
                0x0000000008000658                HardFault_Handler
                0x0000000008000658                DMA1_Stream5_IRQHandler
                0x0000000008000658                SysTick_Handler
                0x0000000008000658                PVD_IRQHandler
                0x0000000008000658                TAMP_STAMP_IRQHandler
                0x0000000008000658                PendSV_Handler
                0x0000000008000658                NMI_Handler
                0x0000000008000658                CAN2_RX1_IRQHandler
                0x0000000008000658                EXTI3_IRQHandler
                0x0000000008000658                TIM8_TRG_COM_TIM14_IRQHandler
                0x0000000008000658                TIM1_UP_TIM10_IRQHandler
                0x0000000008000658                TIM8_UP_TIM13_IRQHandler
                0x0000000008000658                I2C3_ER_IRQHandler
                0x0000000008000658                LCD_TFT_IRQHandler
                0x0000000008000658                EXTI0_IRQHandler
                0x0000000008000658                I2C2_EV_IRQHandler
                0x0000000008000658                DMA1_Stream2_IRQHandler
                0x0000000008000658                CAN1_RX0_IRQHandler
                0x0000000008000658                OTG_HS_WKUP_IRQHandler
                0x0000000008000658                UsageFault_Handler
                0x0000000008000658                LTDC_ER_IRQHandler
                0x0000000008000658                CAN2_SCE_IRQHandler
                0x0000000008000658                DMA2_Stream2_IRQHandler
                0x0000000008000658                SPI1_IRQHandler
                0x0000000008000658                TIM6_DAC_IRQHandler
                0x0000000008000658                TIM1_BRK_TIM9_IRQHandler
                0x0000000008000658                DCMI_IRQHandler
                0x0000000008000658                CAN2_RX0_IRQHandler
                0x0000000008000658                DMA2_Stream3_IRQHandler
                0x0000000008000658                RTC_ALARM_IRQHandler
                0x0000000008000658                SAI2_IRQHandler
                0x0000000008000658                USART6_IRQHandler
                0x0000000008000658                USART3_IRQHandler
                0x0000000008000658                CRYP_IRQHandler
                0x0000000008000658                CAN1_RX1_IRQHandler
                0x0000000008000658                UART5_IRQHandler
                0x0000000008000658                DMA2_Stream0_IRQHandler
                0x0000000008000658                TIM4_IRQHandler
                0x0000000008000658                I2C1_EV_IRQHandler
                0x0000000008000658                HDMI_CEC_IRQHandler
                0x0000000008000658                DMA1_Stream6_IRQHandler
                0x0000000008000658                DMA1_Stream1_IRQHandler
                0x0000000008000658                UART4_IRQHandler
                0x0000000008000658                TIM3_IRQHandler
                0x0000000008000658                RCC_IRQHandler
                0x0000000008000658                TIM8_BRK_TIM12_IRQHandler
                0x0000000008000658                Default_Handler
                0x0000000008000658                EXTI15_10_IRQHandler
                0x0000000008000658                ADC_IRQHandler
                0x0000000008000658                DMA1_Stream7_IRQHandler
                0x0000000008000658                SPI5_IRQHandler
                0x0000000008000658                LPTimer1_IRQHandler
                0x0000000008000658                TIM7_IRQHandler
                0x0000000008000658                SDMMC1_IRQHandler
                0x0000000008000658                CAN2_TX_IRQHandler
                0x0000000008000658                TIM5_IRQHandler
                0x0000000008000658                DMA2_Stream7_IRQHandler
                0x0000000008000658                I2C3_EV_IRQHandler
                0x0000000008000658                EXTI9_5_IRQHandler
                0x0000000008000658                RTC_WKUP_IRQHandler
                0x0000000008000658                ETH_WKUP_IRQHandler
                0x0000000008000658                SPI2_IRQHandler
                0x0000000008000658                OTG_HS_EP1_IN_IRQHandler
                0x0000000008000658                MemManage_Handler
                0x0000000008000658                DMA1_Stream0_IRQHandler
                0x0000000008000658                CAN1_TX_IRQHandler
                0x0000000008000658                SVC_Handler
                0x0000000008000658                EXTI4_IRQHandler
                0x0000000008000658                ETH_IRQHandler
                0x0000000008000658                OTG_HS_EP1_OUT_IRQHandler
                0x0000000008000658                WWDG_IRQHandler
                0x0000000008000658                SPI6_IRQHandler
                0x0000000008000658                I2C4_EV_IRQHandler
                0x0000000008000658                TIM2_IRQHandler
                0x0000000008000658                OTG_FS_WKUP_IRQHandler
                0x0000000008000658                TIM1_TRG_COM_TIM11_IRQHandler
                0x0000000008000658                OTG_HS_IRQHandler
                0x0000000008000658                DMA2D_IRQHandler
                0x0000000008000658                EXTI1_IRQHandler
                0x0000000008000658                UART7_IRQHandler
                0x0000000008000658                USART2_IRQHandler
                0x0000000008000658                I2C2_ER_IRQHandler
                0x0000000008000658                SPDIFRX_IRQHandler
                0x0000000008000658                DMA2_Stream1_IRQHandler
                0x0000000008000658                CAN1_SCE_IRQHandler
                0x0000000008000658                FLASH_IRQHandler
                0x0000000008000658                DMA2_Stream4_IRQHandler
                0x0000000008000658                BusFault_Handler
                0x0000000008000658                USART1_IRQHandler
                0x0000000008000658                OTG_FS_IRQHandler
                0x0000000008000658                SPI3_IRQHandler
                0x0000000008000658                DMA1_Stream4_IRQHandler
                0x0000000008000658                I2C1_ER_IRQHandler
                0x0000000008000658                FMC_IRQHandler
                0x0000000008000658                I2C4_ER_IRQHandler
                0x0000000008000658                DMA2_Stream6_IRQHandler
                0x0000000008000658                SAI1_IRQHandler
                0x0000000008000658                DMA1_Stream3_IRQHandler
 *fill*         0x000000000800065a        0x2 
 .text.__libc_init_array
                0x000000000800065c       0x48 d:/st/stm32cubeide_1.11.2/stm32cubeide/plugins/com.st.stm32cube.ide.mcu.externaltools.gnu-tools-for-stm32.10.3-2021.10.win32_1.0.100.202210260954/tools/bin/../lib/gcc/arm-none-eabi/10.3.1/../../../../arm-none-eabi/lib/thumb/v7e-m+fp/hard\libc_nano.a(lib_a-init.o)
                0x000000000800065c                __libc_init_array
 *(.glue_7)
 .glue_7        0x00000000080006a4        0x0 linker stubs
 *(.glue_7t)
 .glue_7t       0x00000000080006a4        0x0 linker stubs
 *(.eh_frame)
 .eh_frame      0x00000000080006a4        0x0 d:/st/stm32cubeide_1.11.2/stm32cubeide/plugins/com.st.stm32cube.ide.mcu.externaltools.gnu-tools-for-stm32.10.3-2021.10.win32_1.0.100.202210260954/tools/bin/../lib/gcc/arm-none-eabi/10.3.1/thumb/v7e-m+fp/hard/crtbegin.o
 *(.init)
 .init          0x00000000080006a4        0x4 d:/st/stm32cubeide_1.11.2/stm32cubeide/plugins/com.st.stm32cube.ide.mcu.externaltools.gnu-tools-for-stm32.10.3-2021.10.win32_1.0.100.202210260954/tools/bin/../lib/gcc/arm-none-eabi/10.3.1/thumb/v7e-m+fp/hard/crti.o
                0x00000000080006a4                _init
 .init          0x00000000080006a8        0x8 d:/st/stm32cubeide_1.11.2/stm32cubeide/plugins/com.st.stm32cube.ide.mcu.externaltools.gnu-tools-for-stm32.10.3-2021.10.win32_1.0.100.202210260954/tools/bin/../lib/gcc/arm-none-eabi/10.3.1/thumb/v7e-m+fp/hard/crtn.o
 *(.fini)
 .fini          0x00000000080006b0        0x4 d:/st/stm32cubeide_1.11.2/stm32cubeide/plugins/com.st.stm32cube.ide.mcu.externaltools.gnu-tools-for-stm32.10.3-2021.10.win32_1.0.100.202210260954/tools/bin/../lib/gcc/arm-none-eabi/10.3.1/thumb/v7e-m+fp/hard/crti.o
                0x00000000080006b0                _fini
 .fini          0x00000000080006b4        0x8 d:/st/stm32cubeide_1.11.2/stm32cubeide/plugins/com.st.stm32cube.ide.mcu.externaltools.gnu-tools-for-stm32.10.3-2021.10.win32_1.0.100.202210260954/tools/bin/../lib/gcc/arm-none-eabi/10.3.1/thumb/v7e-m+fp/hard/crtn.o
                0x00000000080006bc                . = ALIGN (0x4)
                0x00000000080006bc                _etext = .

.vfp11_veneer   0x00000000080006bc        0x0
 .vfp11_veneer  0x00000000080006bc        0x0 linker stubs

.v4_bx          0x00000000080006bc        0x0
 .v4_bx         0x00000000080006bc        0x0 linker stubs

.iplt           0x00000000080006bc        0x0
 .iplt          0x00000000080006bc        0x0 d:/st/stm32cubeide_1.11.2/stm32cubeide/plugins/com.st.stm32cube.ide.mcu.externaltools.gnu-tools-for-stm32.10.3-2021.10.win32_1.0.100.202210260954/tools/bin/../lib/gcc/arm-none-eabi/10.3.1/thumb/v7e-m+fp/hard/crtbegin.o

.rodata         0x00000000080006bc       0x10
                0x00000000080006bc                . = ALIGN (0x4)
 *(.rodata)
 *(.rodata*)
 .rodata.AHBPrescTable
                0x00000000080006bc       0x10 ./Src/system_stm32f7xx.o
                0x00000000080006bc                AHBPrescTable
                0x00000000080006cc                . = ALIGN (0x4)

.rel.dyn        0x00000000080006cc        0x0
 .rel.iplt      0x00000000080006cc        0x0 d:/st/stm32cubeide_1.11.2/stm32cubeide/plugins/com.st.stm32cube.ide.mcu.externaltools.gnu-tools-for-stm32.10.3-2021.10.win32_1.0.100.202210260954/tools/bin/../lib/gcc/arm-none-eabi/10.3.1/thumb/v7e-m+fp/hard/crtbegin.o

.ARM.extab      0x00000000080006cc        0x0
                0x00000000080006cc                . = ALIGN (0x4)
 *(.ARM.extab* .gnu.linkonce.armextab.*)
                0x00000000080006cc                . = ALIGN (0x4)

.ARM            0x00000000080006cc        0x0
                0x00000000080006cc                . = ALIGN (0x4)
                0x00000000080006cc                __exidx_start = .
 *(.ARM.exidx*)
                0x00000000080006cc                __exidx_end = .
                0x00000000080006cc                . = ALIGN (0x4)

.preinit_array  0x00000000080006cc        0x0
                0x00000000080006cc                . = ALIGN (0x4)
                0x00000000080006cc                PROVIDE (__preinit_array_start = .)
 *(.preinit_array*)
                0x00000000080006cc                PROVIDE (__preinit_array_end = .)
                0x00000000080006cc                . = ALIGN (0x4)

.init_array     0x00000000080006cc        0x4
                0x00000000080006cc                . = ALIGN (0x4)
                0x00000000080006cc                PROVIDE (__init_array_start = .)
 *(SORT_BY_NAME(.init_array.*))
 *(.init_array*)
 .init_array    0x00000000080006cc        0x4 d:/st/stm32cubeide_1.11.2/stm32cubeide/plugins/com.st.stm32cube.ide.mcu.externaltools.gnu-tools-for-stm32.10.3-2021.10.win32_1.0.100.202210260954/tools/bin/../lib/gcc/arm-none-eabi/10.3.1/thumb/v7e-m+fp/hard/crtbegin.o
                0x00000000080006d0                PROVIDE (__init_array_end = .)
                0x00000000080006d0                . = ALIGN (0x4)

.fini_array     0x00000000080006d0        0x4
                0x00000000080006d0                . = ALIGN (0x4)
                [!provide]                        PROVIDE (__fini_array_start = .)
 *(SORT_BY_NAME(.fini_array.*))
 *(.fini_array*)
 .fini_array    0x00000000080006d0        0x4 d:/st/stm32cubeide_1.11.2/stm32cubeide/plugins/com.st.stm32cube.ide.mcu.externaltools.gnu-tools-for-stm32.10.3-2021.10.win32_1.0.100.202210260954/tools/bin/../lib/gcc/arm-none-eabi/10.3.1/thumb/v7e-m+fp/hard/crtbegin.o
                [!provide]                        PROVIDE (__fini_array_end = .)
                0x00000000080006d4                . = ALIGN (0x4)
                0x00000000080006d4                _sidata = LOADADDR (.data)

.data           0x0000000020000000        0x4 load address 0x00000000080006d4
                0x0000000020000000                . = ALIGN (0x4)
                0x0000000020000000                _sdata = .
 *(.data)
 *(.data*)
 .data.SystemCoreClock
                0x0000000020000000        0x4 ./Src/system_stm32f7xx.o
                0x0000000020000000                SystemCoreClock
 *(.RamFunc)
 *(.RamFunc*)
                0x0000000020000004                . = ALIGN (0x4)
                0x0000000020000004                _edata = .

.igot.plt       0x0000000020000004        0x0 load address 0x00000000080006d8
 .igot.plt      0x0000000020000004        0x0 d:/st/stm32cubeide_1.11.2/stm32cubeide/plugins/com.st.stm32cube.ide.mcu.externaltools.gnu-tools-for-stm32.10.3-2021.10.win32_1.0.100.202210260954/tools/bin/../lib/gcc/arm-none-eabi/10.3.1/thumb/v7e-m+fp/hard/crtbegin.o
                0x0000000020000004                . = ALIGN (0x4)

.bss            0x0000000020000004       0x1c load address 0x00000000080006d8
                0x0000000020000004                _sbss = .
                0x0000000020000004                __bss_start__ = _sbss
 *(.bss)
 .bss           0x0000000020000004       0x1c d:/st/stm32cubeide_1.11.2/stm32cubeide/plugins/com.st.stm32cube.ide.mcu.externaltools.gnu-tools-for-stm32.10.3-2021.10.win32_1.0.100.202210260954/tools/bin/../lib/gcc/arm-none-eabi/10.3.1/thumb/v7e-m+fp/hard/crtbegin.o
 *(.bss*)
 *(COMMON)
                0x0000000020000020                . = ALIGN (0x4)
                0x0000000020000020                _ebss = .
                0x0000000020000020                __bss_end__ = _ebss

._user_heap_stack
                0x0000000020000020      0x600 load address 0x00000000080006d8
                0x0000000020000020                . = ALIGN (0x8)
                [!provide]                        PROVIDE (end = .)
                [!provide]                        PROVIDE (_end = .)
                0x0000000020000220                . = (. + _Min_Heap_Size)
 *fill*         0x0000000020000020      0x200 
                0x0000000020000620                . = (. + _Min_Stack_Size)
 *fill*         0x0000000020000220      0x400 
                0x0000000020000620                . = ALIGN (0x8)

/DISCARD/
 libc.a(*)
 libm.a(*)
 libgcc.a(*)

.ARM.attributes
                0x0000000000000000       0x30
 *(.ARM.attributes)
 .ARM.attributes
                0x0000000000000000       0x1e d:/st/stm32cubeide_1.11.2/stm32cubeide/plugins/com.st.stm32cube.ide.mcu.externaltools.gnu-tools-for-stm32.10.3-2021.10.win32_1.0.100.202210260954/tools/bin/../lib/gcc/arm-none-eabi/10.3.1/thumb/v7e-m+fp/hard/crti.o
 .ARM.attributes
                0x000000000000001e       0x34 d:/st/stm32cubeide_1.11.2/stm32cubeide/plugins/com.st.stm32cube.ide.mcu.externaltools.gnu-tools-for-stm32.10.3-2021.10.win32_1.0.100.202210260954/tools/bin/../lib/gcc/arm-none-eabi/10.3.1/thumb/v7e-m+fp/hard/crtbegin.o
 .ARM.attributes
                0x0000000000000052       0x34 ./Src/gpio.o
 .ARM.attributes
                0x0000000000000086       0x34 ./Src/main.o
 .ARM.attributes
                0x00000000000000ba       0x34 ./Src/rcc.o
 .ARM.attributes
                0x00000000000000ee       0x34 ./Src/system_stm32f7xx.o
 .ARM.attributes
                0x0000000000000122       0x34 ./Src/timer.o
 .ARM.attributes
                0x0000000000000156       0x21 ./Startup/startup_stm32f746zgtx.o
 .ARM.attributes
                0x0000000000000177       0x34 d:/st/stm32cubeide_1.11.2/stm32cubeide/plugins/com.st.stm32cube.ide.mcu.externaltools.gnu-tools-for-stm32.10.3-2021.10.win32_1.0.100.202210260954/tools/bin/../lib/gcc/arm-none-eabi/10.3.1/../../../../arm-none-eabi/lib/thumb/v7e-m+fp/hard\libc_nano.a(lib_a-init.o)
 .ARM.attributes
                0x00000000000001ab       0x1e d:/st/stm32cubeide_1.11.2/stm32cubeide/plugins/com.st.stm32cube.ide.mcu.externaltools.gnu-tools-for-stm32.10.3-2021.10.win32_1.0.100.202210260954/tools/bin/../lib/gcc/arm-none-eabi/10.3.1/thumb/v7e-m+fp/hard/crtn.o
OUTPUT(STM32F746ZGT6.elf elf32-littlearm)
LOAD linker stubs
LOAD d:/st/stm32cubeide_1.11.2/stm32cubeide/plugins/com.st.stm32cube.ide.mcu.externaltools.gnu-tools-for-stm32.10.3-2021.10.win32_1.0.100.202210260954/tools/bin/../lib/gcc/arm-none-eabi/10.3.1/../../../../arm-none-eabi/lib/thumb/v7e-m+fp/hard\libc.a
LOAD d:/st/stm32cubeide_1.11.2/stm32cubeide/plugins/com.st.stm32cube.ide.mcu.externaltools.gnu-tools-for-stm32.10.3-2021.10.win32_1.0.100.202210260954/tools/bin/../lib/gcc/arm-none-eabi/10.3.1/../../../../arm-none-eabi/lib/thumb/v7e-m+fp/hard\libm.a
LOAD d:/st/stm32cubeide_1.11.2/stm32cubeide/plugins/com.st.stm32cube.ide.mcu.externaltools.gnu-tools-for-stm32.10.3-2021.10.win32_1.0.100.202210260954/tools/bin/../lib/gcc/arm-none-eabi/10.3.1/thumb/v7e-m+fp/hard\libgcc.a

.debug_info     0x0000000000000000     0x13f0
 .debug_info    0x0000000000000000      0x3bd ./Src/gpio.o
 .debug_info    0x00000000000003bd      0x17e ./Src/main.o
 .debug_info    0x000000000000053b      0x374 ./Src/rcc.o
 .debug_info    0x00000000000008af      0x725 ./Src/system_stm32f7xx.o
 .debug_info    0x0000000000000fd4      0x3fa ./Src/timer.o
 .debug_info    0x00000000000013ce       0x22 ./Startup/startup_stm32f746zgtx.o

.debug_abbrev   0x0000000000000000      0x49e
 .debug_abbrev  0x0000000000000000       0xf6 ./Src/gpio.o
 .debug_abbrev  0x00000000000000f6       0xde ./Src/main.o
 .debug_abbrev  0x00000000000001d4       0xd3 ./Src/rcc.o
 .debug_abbrev  0x00000000000002a7      0x136 ./Src/system_stm32f7xx.o
 .debug_abbrev  0x00000000000003dd       0xaf ./Src/timer.o
 .debug_abbrev  0x000000000000048c       0x12 ./Startup/startup_stm32f746zgtx.o

.debug_aranges  0x0000000000000000       0xe0
 .debug_aranges
                0x0000000000000000       0x30 ./Src/gpio.o
 .debug_aranges
                0x0000000000000030       0x20 ./Src/main.o
 .debug_aranges
                0x0000000000000050       0x20 ./Src/rcc.o
 .debug_aranges
                0x0000000000000070       0x28 ./Src/system_stm32f7xx.o
 .debug_aranges
                0x0000000000000098       0x20 ./Src/timer.o
 .debug_aranges
                0x00000000000000b8       0x28 ./Startup/startup_stm32f746zgtx.o

.debug_ranges   0x0000000000000000       0x88
 .debug_ranges  0x0000000000000000       0x20 ./Src/gpio.o
 .debug_ranges  0x0000000000000020       0x10 ./Src/main.o
 .debug_ranges  0x0000000000000030       0x10 ./Src/rcc.o
 .debug_ranges  0x0000000000000040       0x18 ./Src/system_stm32f7xx.o
 .debug_ranges  0x0000000000000058       0x10 ./Src/timer.o
 .debug_ranges  0x0000000000000068       0x20 ./Startup/startup_stm32f746zgtx.o

.debug_macro    0x0000000000000000    0x1bb0c
 .debug_macro   0x0000000000000000       0xd5 ./Src/gpio.o
 .debug_macro   0x00000000000000d5      0xa8a ./Src/gpio.o
 .debug_macro   0x0000000000000b5f       0x28 ./Src/gpio.o
 .debug_macro   0x0000000000000b87       0x3b ./Src/gpio.o
 .debug_macro   0x0000000000000bc2       0x22 ./Src/gpio.o
 .debug_macro   0x0000000000000be4       0x8e ./Src/gpio.o
 .debug_macro   0x0000000000000c72       0x51 ./Src/gpio.o
 .debug_macro   0x0000000000000cc3      0x103 ./Src/gpio.o
 .debug_macro   0x0000000000000dc6       0x6a ./Src/gpio.o
 .debug_macro   0x0000000000000e30      0x1df ./Src/gpio.o
 .debug_macro   0x000000000000100f       0x1c ./Src/gpio.o
 .debug_macro   0x000000000000102b       0x22 ./Src/gpio.o
 .debug_macro   0x000000000000104d       0xd9 ./Src/gpio.o
 .debug_macro   0x0000000000001126     0x12cd ./Src/gpio.o
 .debug_macro   0x00000000000023f3      0x11f ./Src/gpio.o
 .debug_macro   0x0000000000002512       0x19 ./Src/gpio.o
 .debug_macro   0x000000000000252b    0x1920a ./Src/gpio.o
 .debug_macro   0x000000000001b735       0x6d ./Src/gpio.o
 .debug_macro   0x000000000001b7a2       0xe9 ./Src/main.o
 .debug_macro   0x000000000001b88b       0xd5 ./Src/rcc.o
 .debug_macro   0x000000000001b960       0xd7 ./Src/system_stm32f7xx.o
 .debug_macro   0x000000000001ba37       0xd5 ./Src/timer.o

.debug_line     0x0000000000000000     0x1a4e
 .debug_line    0x0000000000000000      0x521 ./Src/gpio.o
 .debug_line    0x0000000000000521      0x4e8 ./Src/main.o
 .debug_line    0x0000000000000a09      0x5a9 ./Src/rcc.o
 .debug_line    0x0000000000000fb2      0x540 ./Src/system_stm32f7xx.o
 .debug_line    0x00000000000014f2      0x4d8 ./Src/timer.o
 .debug_line    0x00000000000019ca       0x84 ./Startup/startup_stm32f746zgtx.o

.debug_str      0x0000000000000000    0x9b31a
 .debug_str     0x0000000000000000    0x9b012 ./Src/gpio.o
                                      0x9b1a5 (size before relaxing)
 .debug_str     0x000000000009b012       0x3e ./Src/main.o
                                      0x9b092 (size before relaxing)
 .debug_str     0x000000000009b050       0x64 ./Src/rcc.o
                                      0x9b1a2 (size before relaxing)
 .debug_str     0x000000000009b0b4      0x1d1 ./Src/system_stm32f7xx.o
                                      0x9b314 (size before relaxing)
 .debug_str     0x000000000009b285       0x64 ./Src/timer.o
                                      0x9b1a0 (size before relaxing)
 .debug_str     0x000000000009b2e9       0x31 ./Startup/startup_stm32f746zgtx.o
                                         0x66 (size before relaxing)

.comment        0x0000000000000000       0x50
 .comment       0x0000000000000000       0x50 ./Src/gpio.o
                                         0x51 (size before relaxing)
 .comment       0x0000000000000050       0x51 ./Src/main.o
 .comment       0x0000000000000050       0x51 ./Src/rcc.o
 .comment       0x0000000000000050       0x51 ./Src/system_stm32f7xx.o
 .comment       0x0000000000000050       0x51 ./Src/timer.o

.debug_frame    0x0000000000000000      0x194
 .debug_frame   0x0000000000000000       0x7c ./Src/gpio.o
 .debug_frame   0x000000000000007c       0x30 ./Src/main.o
 .debug_frame   0x00000000000000ac       0x34 ./Src/rcc.o
 .debug_frame   0x00000000000000e0       0x58 ./Src/system_stm32f7xx.o
 .debug_frame   0x0000000000000138       0x30 ./Src/timer.o
 .debug_frame   0x0000000000000168       0x2c d:/st/stm32cubeide_1.11.2/stm32cubeide/plugins/com.st.stm32cube.ide.mcu.externaltools.gnu-tools-for-stm32.10.3-2021.10.win32_1.0.100.202210260954/tools/bin/../lib/gcc/arm-none-eabi/10.3.1/../../../../arm-none-eabi/lib/thumb/v7e-m+fp/hard\libc_nano.a(lib_a-init.o)
